2026-02-12 20:23:34,285 - __main__ - INFO - 🤖 Bot is starting...
2026-02-12 20:23:34,407 - httpx - INFO - HTTP Request: POST https://api.telegram.org/bot8563600071:AAEYVmlcGX1ot6QY3Ic91bIhhAQ9z5Qjln0/getMe "HTTP/1.1 200 OK"
2026-02-12 20:23:34,444 - httpx - INFO - HTTP Request: POST https://api.telegram.org/bot8563600071:AAEYVmlcGX1ot6QY3Ic91bIhhAQ9z5Qjln0/deleteWebhook "HTTP/1.1 200 OK"
2026-02-12 20:23:34,445 - telegram.ext.Application - INFO - Application started
2026-02-12 20:23:40,355 - httpx - INFO - HTTP Request: POST https://api.telegram.org/bot8563600071:AAEYVmlcGX1ot6QY3Ic91bIhhAQ9z5Qjln0/getUpdates "HTTP/1.1 200 OK"
2026-02-12 20:23:40,505 - httpx - INFO - HTTP Request: POST https://api.telegram.org/bot8563600071:AAEYVmlcGX1ot6QY3Ic91bIhhAQ9z5Qjln0/sendMessage "HTTP/1.1 200 OK"
2026-02-12 20:23:42,685 - httpx - INFO - HTTP Request: POST https://api.telegram.org/bot8563600071:AAEYVmlcGX1ot6QY3Ic91bIhhAQ9z5Qjln0/getUpdates "HTTP/1.1 200 OK"
2026-02-12 20:23:42,686 - __main__ - INFO - Auth check: incoming chat ID 8374048344, allowed 8374048344
2026-02-12 20:23:42,724 - httpx - INFO - HTTP Request: POST https://api.telegram.org/bot8563600071:AAEYVmlcGX1ot6QY3Ic91bIhhAQ9z5Qjln0/sendMessage "HTTP/1.1 400 Bad Request"
2026-02-12 20:23:42,725 - __main__ - WARNING - Markdown parse error, falling back to plain text: Can't parse entities: can't find end of the entity starting at byte offset 3440
2026-02-12 20:23:42,848 - httpx - INFO - HTTP Request: POST https://api.telegram.org/bot8563600071:AAEYVmlcGX1ot6QY3Ic91bIhhAQ9z5Qjln0/sendMessage "HTTP/1.1 200 OK"
2026-02-12 20:23:52,716 - httpx - INFO - HTTP Request: POST https://api.telegram.org/bot8563600071:AAEYVmlcGX1ot6QY3Ic91bIhhAQ9z5Qjln0/getUpdates "HTTP/1.1 200 OK"
2026-02-12 20:24:02,748 - httpx - INFO - HTTP Request: POST https://api.telegram.org/bot8563600071:AAEYVmlcGX1ot6QY3Ic91bIhhAQ9z5Qjln0/getUpdates "HTTP/1.1 200 OK"
2026-02-12 20:24:12,779 - httpx - INFO - HTTP Request: POST https://api.telegram.org/bot8563600071:AAEYVmlcGX1ot6QY3Ic91bIhhAQ9z5Qjln0/getUpdates "HTTP/1.1 200 OK"
2026-02-12 20:24:22,808 - httpx - INFO - HTTP Request: POST https://api.telegram.org/bot8563600071:AAEYVmlcGX1ot6QY3Ic91bIhhAQ9z5Qjln0/getUpdates "HTTP/1.1 200 OK"
2026-02-12 20:24:31,142 - httpx - INFO - HTTP Request: POST https://api.telegram.org/bot8563600071:AAEYVmlcGX1ot6QY3Ic91bIhhAQ9z5Qjln0/getUpdates "HTTP/1.1 200 OK"
2026-02-12 20:24:41,179 - httpx - INFO - HTTP Request: POST https://api.telegram.org/bot8563600071:AAEYVmlcGX1ot6QY3Ic91bIhhAQ9z5Qjln0/getUpdates "HTTP/1.1 200 OK"
2026-02-12 20:24:51,213 - httpx - INFO - HTTP Request: POST https://api.telegram.org/bot8563600071:AAEYVmlcGX1ot6QY3Ic91bIhhAQ9z5Qjln0/getUpdates "HTTP/1.1 200 OK"
2026-02-12 20:25:01,246 - httpx - INFO - HTTP Request: POST https://api.telegram.org/bot8563600071:AAEYVmlcGX1ot6QY3Ic91bIhhAQ9z5Qjln0/getUpdates "HTTP/1.1 200 OK"
2026-02-12 20:25:11,278 - httpx - INFO - HTTP Request: POST https://api.telegram.org/bot8563600071:AAEYVmlcGX1ot6QY3Ic91bIhhAQ9z5Qjln0/getUpdates "HTTP/1.1 200 OK"
2026-02-12 20:25:15,176 - httpx - INFO - HTTP Request: POST https://api.telegram.org/bot8563600071:AAEYVmlcGX1ot6QY3Ic91bIhhAQ9z5Qjln0/getUpdates "HTTP/1.1 200 OK"
2026-02-12 20:25:15,177 - __main__ - INFO - Auth check: incoming chat ID 8374048344, allowed 8374048344
2026-02-12 20:25:15,310 - httpx - INFO - HTTP Request: POST https://api.telegram.org/bot8563600071:AAEYVmlcGX1ot6QY3Ic91bIhhAQ9z5Qjln0/sendMessage "HTTP/1.1 200 OK"
2026-02-12 20:25:25,208 - httpx - INFO - HTTP Request: POST https://api.telegram.org/bot8563600071:AAEYVmlcGX1ot6QY3Ic91bIhhAQ9z5Qjln0/getUpdates "HTTP/1.1 200 OK"
2026-02-12 20:25:35,251 - httpx - INFO - HTTP Request: POST https://api.telegram.org/bot8563600071:AAEYVmlcGX1ot6QY3Ic91bIhhAQ9z5Qjln0/getUpdates "HTTP/1.1 200 OK"
2026-02-12 20:25:38,553 - httpx - INFO - HTTP Request: POST https://api.telegram.org/bot8563600071:AAEYVmlcGX1ot6QY3Ic91bIhhAQ9z5Qjln0/getUpdates "HTTP/1.1 200 OK"
2026-02-12 20:25:48,585 - httpx - INFO - HTTP Request: POST https://api.telegram.org/bot8563600071:AAEYVmlcGX1ot6QY3Ic91bIhhAQ9z5Qjln0/getUpdates "HTTP/1.1 200 OK"
2026-02-12 20:25:58,621 - httpx - INFO - HTTP Request: POST https://api.telegram.org/bot8563600071:AAEYVmlcGX1ot6QY3Ic91bIhhAQ9z5Qjln0/getUpdates "HTTP/1.1 200 OK"
2026-02-12 20:26:08,653 - httpx - INFO - HTTP Request: POST https://api.telegram.org/bot8563600071:AAEYVmlcGX1ot6QY3Ic91bIhhAQ9z5Qjln0/getUpdates "HTTP/1.1 200 OK"
2026-02-12 20:26:18,683 - httpx - INFO - HTTP Request: POST https://api.telegram.org/bot8563600071:AAEYVmlcGX1ot6QY3Ic91bIhhAQ9z5Qjln0/getUpdates "HTTP/1.1 200 OK"
2026-02-12 20:26:28,713 - httpx - INFO - HTTP Request: POST https://api.telegram.org/bot8563600071:AAEYVmlcGX1ot6QY3Ic91bIhhAQ9z5Qjln0/getUpdates "HTTP/1.1 200 OK"
2026-02-12 20:26:32,959 - httpx - INFO - HTTP Request: POST https://api.telegram.org/bot8563600071:AAEYVmlcGX1ot6QY3Ic91bIhhAQ9z5Qjln0/getUpdates "HTTP/1.1 200 OK"
2026-02-12 20:26:43,003 - httpx - INFO - HTTP Request: POST https://api.telegram.org/bot8563600071:AAEYVmlcGX1ot6QY3Ic91bIhhAQ9z5Qjln0/getUpdates "HTTP/1.1 200 OK"
2026-02-12 20:26:50,651 - httpx - INFO - HTTP Request: POST https://api.telegram.org/bot8563600071:AAEYVmlcGX1ot6QY3Ic91bIhhAQ9z5Qjln0/getUpdates "HTTP/1.1 200 OK"
2026-02-12 20:26:50,652 - __main__ - INFO - Auth check: incoming chat ID 8374048344, allowed 8374048344
2026-02-12 20:26:50,878 - httpx - INFO - HTTP Request: POST https://api.telegram.org/bot8563600071:AAEYVmlcGX1ot6QY3Ic91bIhhAQ9z5Qjln0/sendMessage "HTTP/1.1 200 OK"
2026-02-12 20:27:00,694 - httpx - INFO - HTTP Request: POST https://api.telegram.org/bot8563600071:AAEYVmlcGX1ot6QY3Ic91bIhhAQ9z5Qjln0/getUpdates "HTTP/1.1 200 OK"
2026-02-12 20:27:10,737 - httpx - INFO - HTTP Request: POST https://api.telegram.org/bot8563600071:AAEYVmlcGX1ot6QY3Ic91bIhhAQ9z5Qjln0/getUpdates "HTTP/1.1 200 OK"
2026-02-12 20:27:20,768 - httpx - INFO - HTTP Request: POST https://api.telegram.org/bot8563600071:AAEYVmlcGX1ot6QY3Ic91bIhhAQ9z5Qjln0/getUpdates "HTTP/1.1 200 OK"
2026-02-12 20:27:30,806 - httpx - INFO - HTTP Request: POST https://api.telegram.org/bot8563600071:AAEYVmlcGX1ot6QY3Ic91bIhhAQ9z5Qjln0/getUpdates "HTTP/1.1 200 OK"
2026-02-12 20:27:40,836 - httpx - INFO - HTTP Request: POST https://api.telegram.org/bot8563600071:AAEYVmlcGX1ot6QY3Ic91bIhhAQ9z5Qjln0/getUpdates "HTTP/1.1 200 OK"
2026-02-12 20:27:50,867 - httpx - INFO - HTTP Request: POST https://api.telegram.org/bot8563600071:AAEYVmlcGX1ot6QY3Ic91bIhhAQ9z5Qjln0/getUpdates "HTTP/1.1 200 OK"
2026-02-12 20:28:00,898 - httpx - INFO - HTTP Request: POST https://api.telegram.org/bot8563600071:AAEYVmlcGX1ot6QY3Ic91bIhhAQ9z5Qjln0/getUpdates "HTTP/1.1 200 OK"
2026-02-12 20:28:10,929 - httpx - INFO - HTTP Request: POST https://api.telegram.org/bot8563600071:AAEYVmlcGX1ot6QY3Ic91bIhhAQ9z5Qjln0/getUpdates "HTTP/1.1 200 OK"
2026-02-12 20:28:20,959 - httpx - INFO - HTTP Request: POST https://api.telegram.org/bot8563600071:AAEYVmlcGX1ot6QY3Ic91bIhhAQ9z5Qjln0/getUpdates "HTTP/1.1 200 OK"
2026-02-12 20:28:30,997 - httpx - INFO - HTTP Request: POST https://api.telegram.org/bot8563600071:AAEYVmlcGX1ot6QY3Ic91bIhhAQ9z5Qjln0/getUpdates "HTTP/1.1 200 OK"
2026-02-12 20:28:41,034 - httpx - INFO - HTTP Request: POST https://api.telegram.org/bot8563600071:AAEYVmlcGX1ot6QY3Ic91bIhhAQ9z5Qjln0/getUpdates "HTTP/1.1 200 OK"
2026-02-12 20:28:51,069 - httpx - INFO - HTTP Request: POST https://api.telegram.org/bot8563600071:AAEYVmlcGX1ot6QY3Ic91bIhhAQ9z5Qjln0/getUpdates "HTTP/1.1 200 OK"
2026-02-12 20:29:01,102 - httpx - INFO - HTTP Request: POST https://api.telegram.org/bot8563600071:AAEYVmlcGX1ot6QY3Ic91bIhhAQ9z5Qjln0/getUpdates "HTTP/1.1 200 OK"
2026-02-12 20:29:11,135 - httpx - INFO - HTTP Request: POST https://api.telegram.org/bot8563600071:AAEYVmlcGX1ot6QY3Ic91bIhhAQ9z5Qjln0/getUpdates "HTTP/1.1 200 OK"
2026-02-12 20:29:21,165 - httpx - INFO - HTTP Request: POST https://api.telegram.org/bot8563600071:AAEYVmlcGX1ot6QY3Ic91bIhhAQ9z5Qjln0/getUpdates "HTTP/1.1 200 OK"
2026-02-12 20:29:31,197 - httpx - INFO - HTTP Request: POST https://api.telegram.org/bot8563600071:AAEYVmlcGX1ot6QY3Ic91bIhhAQ9z5Qjln0/getUpdates "HTTP/1.1 200 OK"
2026-02-12 20:29:41,230 - httpx - INFO - HTTP Request: POST https://api.telegram.org/bot8563600071:AAEYVmlcGX1ot6QY3Ic91bIhhAQ9z5Qjln0/getUpdates "HTTP/1.1 200 OK"
2026-02-12 20:29:51,262 - httpx - INFO - HTTP Request: POST https://api.telegram.org/bot8563600071:AAEYVmlcGX1ot6QY3Ic91bIhhAQ9z5Qjln0/getUpdates "HTTP/1.1 200 OK"
2026-02-12 20:30:01,294 - httpx - INFO - HTTP Request: POST https://api.telegram.org/bot8563600071:AAEYVmlcGX1ot6QY3Ic91bIhhAQ9z5Qjln0/getUpdates "HTTP/1.1 200 OK"
2026-02-12 20:30:11,326 - httpx - INFO - HTTP Request: POST https://api.telegram.org/bot8563600071:AAEYVmlcGX1ot6QY3Ic91bIhhAQ9z5Qjln0/getUpdates "HTTP/1.1 200 OK"
2026-02-12 20:30:21,358 - httpx - INFO - HTTP Request: POST https://api.telegram.org/bot8563600071:AAEYVmlcGX1ot6QY3Ic91bIhhAQ9z5Qjln0/getUpdates "HTTP/1.1 200 OK"
2026-02-12 20:30:31,397 - httpx - INFO - HTTP Request: POST https://api.telegram.org/bot8563600071:AAEYVmlcGX1ot6QY3Ic91bIhhAQ9z5Qjln0/getUpdates "HTTP/1.1 200 OK"
2026-02-12 20:30:41,438 - httpx - INFO - HTTP Request: POST https://api.telegram.org/bot8563600071:AAEYVmlcGX1ot6QY3Ic91bIhhAQ9z5Qjln0/getUpdates "HTTP/1.1 200 OK"
2026-02-12 20:30:51,470 - httpx - INFO - HTTP Request: POST https://api.telegram.org/bot8563600071:AAEYVmlcGX1ot6QY3Ic91bIhhAQ9z5Qjln0/getUpdates "HTTP/1.1 200 OK"
2026-02-12 20:31:01,500 - httpx - INFO - HTTP Request: POST https://api.telegram.org/bot8563600071:AAEYVmlcGX1ot6QY3Ic91bIhhAQ9z5Qjln0/getUpdates "HTTP/1.1 200 OK"
2026-02-12 20:31:08,530 - httpx - INFO - HTTP Request: POST https://api.telegram.org/bot8563600071:AAEYVmlcGX1ot6QY3Ic91bIhhAQ9z5Qjln0/getUpdates "HTTP/1.1 200 OK"
2026-02-12 20:31:08,530 - telegram.ext.Application - INFO - Application is stopping. This might take a moment.
2026-02-12 20:31:08,530 - telegram.ext.Application - INFO - Application.stop() complete
2026-02-12 20:47:29,751 - __main__ - INFO - 🤖 Bot is starting...
2026-02-12 20:47:29,857 - httpx - INFO - HTTP Request: POST https://api.telegram.org/bot8563600071:AAEYVmlcGX1ot6QY3Ic91bIhhAQ9z5Qjln0/getMe "HTTP/1.1 200 OK"
2026-02-12 20:47:29,887 - httpx - INFO - HTTP Request: POST https://api.telegram.org/bot8563600071:AAEYVmlcGX1ot6QY3Ic91bIhhAQ9z5Qjln0/deleteWebhook "HTTP/1.1 200 OK"
2026-02-12 20:47:29,888 - telegram.ext.Application - INFO - Application started
2026-02-12 20:47:35,240 - httpx - INFO - HTTP Request: POST https://api.telegram.org/bot8563600071:AAEYVmlcGX1ot6QY3Ic91bIhhAQ9z5Qjln0/getUpdates "HTTP/1.1 200 OK"
2026-02-12 20:47:35,241 - telegram.ext.Application - INFO - Application is stopping. This might take a moment.
2026-02-12 20:47:35,241 - telegram.ext.Application - INFO - Application.stop() complete
2026-02-12 20:47:44,805 - __main__ - INFO - 🤖 Bot is starting...
2026-02-12 20:47:44,902 - httpx - INFO - HTTP Request: POST https://api.telegram.org/bot8563600071:AAEYVmlcGX1ot6QY3Ic91bIhhAQ9z5Qjln0/getMe "HTTP/1.1 200 OK"
2026-02-12 20:47:44,931 - httpx - INFO - HTTP Request: POST https://api.telegram.org/bot8563600071:AAEYVmlcGX1ot6QY3Ic91bIhhAQ9z5Qjln0/deleteWebhook "HTTP/1.1 200 OK"
2026-02-12 20:47:44,933 - telegram.ext.Application - INFO - Application started
2026-02-12 20:47:52,057 - httpx - INFO - HTTP Request: POST https://api.telegram.org/bot8563600071:AAEYVmlcGX1ot6QY3Ic91bIhhAQ9z5Qjln0/getUpdates "HTTP/1.1 200 OK"
2026-02-12 20:47:52,057 - telegram.ext.Application - INFO - Application is stopping. This might take a moment.
2026-02-12 20:47:52,057 - telegram.ext.Application - INFO - Application.stop() complete
2026-02-12 21:48:39,058 - __main__ - INFO - 🤖 Bot is starting...
2026-02-12 21:48:39,166 - httpx - INFO - HTTP Request: POST https://api.telegram.org/bot8563600071:AAEYVmlcGX1ot6QY3Ic91bIhhAQ9z5Qjln0/getMe "HTTP/1.1 200 OK"
2026-02-12 21:48:39,196 - httpx - INFO - HTTP Request: POST https://api.telegram.org/bot8563600071:AAEYVmlcGX1ot6QY3Ic91bIhhAQ9z5Qjln0/deleteWebhook "HTTP/1.1 200 OK"
2026-02-12 21:48:39,197 - telegram.ext.Application - INFO - Application started
2026-02-12 21:48:39,296 - httpx - INFO - HTTP Request: POST https://api.telegram.org/bot8563600071:AAEYVmlcGX1ot6QY3Ic91bIhhAQ9z5Qjln0/getUpdates "HTTP/1.1 200 OK"
2026-02-12 21:48:39,297 - __main__ - INFO - Auth check: incoming chat ID 8374048344, allowed 8374048344
2026-02-12 21:48:39,526 - httpx - INFO - HTTP Request: POST https://api.telegram.org/bot8563600071:AAEYVmlcGX1ot6QY3Ic91bIhhAQ9z5Qjln0/sendMessage "HTTP/1.1 200 OK"
2026-02-12 21:48:49,327 - httpx - INFO - HTTP Request: POST https://api.telegram.org/bot8563600071:AAEYVmlcGX1ot6QY3Ic91bIhhAQ9z5Qjln0/getUpdates "HTTP/1.1 200 OK"
2026-02-12 21:48:53,680 - httpx - INFO - HTTP Request: POST https://api.telegram.org/bot8563600071:AAEYVmlcGX1ot6QY3Ic91bIhhAQ9z5Qjln0/getUpdates "HTTP/1.1 200 OK"
2026-02-12 21:48:53,681 - __main__ - INFO - Auth check: incoming chat ID 8374048344, allowed 8374048344
2026-02-12 21:48:53,937 - httpx - INFO - HTTP Request: POST https://api.telegram.org/bot8563600071:AAEYVmlcGX1ot6QY3Ic91bIhhAQ9z5Qjln0/sendMessage "HTTP/1.1 200 OK"
2026-02-12 21:49:03,722 - httpx - INFO - HTTP Request: POST https://api.telegram.org/bot8563600071:AAEYVmlcGX1ot6QY3Ic91bIhhAQ9z5Qjln0/getUpdates "HTTP/1.1 200 OK"
2026-02-12 21:49:05,704 - httpx - INFO - HTTP Request: POST https://api.telegram.org/bot8563600071:AAEYVmlcGX1ot6QY3Ic91bIhhAQ9z5Qjln0/getUpdates "HTTP/1.1 200 OK"
2026-02-12 21:49:05,705 - __main__ - INFO - Auth check: incoming chat ID 8374048344, allowed 8374048344
2026-02-12 21:49:05,705 - __main__ - INFO - Updated progress line: | Titel | Författare | % Läst | Startdatum | Noter | -> | Titel | Författare | % Läst | Startdatum | Noter |
2026-02-12 21:49:05,705 - __main__ - INFO - Updated progress line: | Din stund på jorden | Vilhelm Moberg | 60% | 2026-02-10 | Levande skildring av Småland – griper tag direkt! | -> | Din stund på jorden | Vilhelm Moberg | 80% | 2026-02-10 | Levande skildring av Småland – griper tag direkt! |
2026-02-12 21:49:05,705 - __main__ - INFO - Successfully updated progress to 80%
2026-02-12 21:49:05,853 - httpx - INFO - HTTP Request: POST https://api.telegram.org/bot8563600071:AAEYVmlcGX1ot6QY3Ic91bIhhAQ9z5Qjln0/sendMessage "HTTP/1.1 200 OK"
2026-02-12 21:49:09,805 - httpx - INFO - HTTP Request: POST https://api.telegram.org/bot8563600071:AAEYVmlcGX1ot6QY3Ic91bIhhAQ9z5Qjln0/getUpdates "HTTP/1.1 200 OK"
2026-02-12 21:49:09,806 - __main__ - INFO - Auth check: incoming chat ID 8374048344, allowed 8374048344
2026-02-12 21:49:09,868 - httpx - INFO - HTTP Request: POST https://api.telegram.org/bot8563600071:AAEYVmlcGX1ot6QY3Ic91bIhhAQ9z5Qjln0/sendMessage "HTTP/1.1 200 OK"
2026-02-12 21:49:19,837 - httpx - INFO - HTTP Request: POST https://api.telegram.org/bot8563600071:AAEYVmlcGX1ot6QY3Ic91bIhhAQ9z5Qjln0/getUpdates "HTTP/1.1 200 OK"
2026-02-12 21:49:29,871 - httpx - INFO - HTTP Request: POST https://api.telegram.org/bot8563600071:AAEYVmlcGX1ot6QY3Ic91bIhhAQ9z5Qjln0/getUpdates "HTTP/1.1 200 OK"
2026-02-12 21:49:33,030 - httpx - INFO - HTTP Request: POST https://api.telegram.org/bot8563600071:AAEYVmlcGX1ot6QY3Ic91bIhhAQ9z5Qjln0/getUpdates "HTTP/1.1 200 OK"
2026-02-12 21:49:33,031 - __main__ - INFO - Auth check: incoming chat ID 8374048344, allowed 8374048344
2026-02-12 21:49:33,179 - httpx - INFO - HTTP Request: POST https://api.telegram.org/bot8563600071:AAEYVmlcGX1ot6QY3Ic91bIhhAQ9z5Qjln0/sendMessage "HTTP/1.1 200 OK"
2026-02-12 21:49:43,069 - httpx - INFO - HTTP Request: POST https://api.telegram.org/bot8563600071:AAEYVmlcGX1ot6QY3Ic91bIhhAQ9z5Qjln0/getUpdates "HTTP/1.1 200 OK"
2026-02-12 21:49:53,099 - httpx - INFO - HTTP Request: POST https://api.telegram.org/bot8563600071:AAEYVmlcGX1ot6QY3Ic91bIhhAQ9z5Qjln0/getUpdates "HTTP/1.1 200 OK"
2026-02-12 21:50:03,129 - httpx - INFO - HTTP Request: POST https://api.telegram.org/bot8563600071:AAEYVmlcGX1ot6QY3Ic91bIhhAQ9z5Qjln0/getUpdates "HTTP/1.1 200 OK"
2026-02-12 21:50:12,282 - httpx - INFO - HTTP Request: POST https://api.telegram.org/bot8563600071:AAEYVmlcGX1ot6QY3Ic91bIhhAQ9z5Qjln0/getUpdates "HTTP/1.1 200 OK"
2026-02-12 21:50:12,282 - telegram.ext.Application - INFO - Application is stopping. This might take a moment.
2026-02-12 21:50:12,283 - telegram.ext.Application - INFO - Application.stop() complete
2026-02-12 22:00:49,729 - __main__ - INFO - 🤖 Bot is starting...
2026-02-12 22:00:49,837 - httpx - INFO - HTTP Request: POST https://api.telegram.org/bot8563600071:AAEYVmlcGX1ot6QY3Ic91bIhhAQ9z5Qjln0/getMe "HTTP/1.1 200 OK"
2026-02-12 22:00:49,867 - httpx - INFO - HTTP Request: POST https://api.telegram.org/bot8563600071:AAEYVmlcGX1ot6QY3Ic91bIhhAQ9z5Qjln0/deleteWebhook "HTTP/1.1 200 OK"
2026-02-12 22:00:49,868 - telegram.ext.Application - INFO - Application started
2026-02-12 22:00:59,968 - httpx - INFO - HTTP Request: POST https://api.telegram.org/bot8563600071:AAEYVmlcGX1ot6QY3Ic91bIhhAQ9z5Qjln0/getUpdates "HTTP/1.1 200 OK"
2026-02-12 22:01:09,999 - httpx - INFO - HTTP Request: POST https://api.telegram.org/bot8563600071:AAEYVmlcGX1ot6QY3Ic91bIhhAQ9z5Qjln0/getUpdates "HTTP/1.1 200 OK"
2026-02-12 22:01:20,030 - httpx - INFO - HTTP Request: POST https://api.telegram.org/bot8563600071:AAEYVmlcGX1ot6QY3Ic91bIhhAQ9z5Qjln0/getUpdates "HTTP/1.1 200 OK"
2026-02-12 22:01:30,065 - httpx - INFO - HTTP Request: POST https://api.telegram.org/bot8563600071:AAEYVmlcGX1ot6QY3Ic91bIhhAQ9z5Qjln0/getUpdates "HTTP/1.1 200 OK"
2026-02-12 22:01:40,096 - httpx - INFO - HTTP Request: POST https://api.telegram.org/bot8563600071:AAEYVmlcGX1ot6QY3Ic91bIhhAQ9z5Qjln0/getUpdates "HTTP/1.1 200 OK"
2026-02-12 22:01:50,126 - httpx - INFO - HTTP Request: POST https://api.telegram.org/bot8563600071:AAEYVmlcGX1ot6QY3Ic91bIhhAQ9z5Qjln0/getUpdates "HTTP/1.1 200 OK"
2026-02-12 22:02:00,159 - httpx - INFO - HTTP Request: POST https://api.telegram.org/bot8563600071:AAEYVmlcGX1ot6QY3Ic91bIhhAQ9z5Qjln0/getUpdates "HTTP/1.1 200 OK"
2026-02-12 22:02:10,189 - httpx - INFO - HTTP Request: POST https://api.telegram.org/bot8563600071:AAEYVmlcGX1ot6QY3Ic91bIhhAQ9z5Qjln0/getUpdates "HTTP/1.1 200 OK"
2026-02-12 22:02:20,219 - httpx - INFO - HTTP Request: POST https://api.telegram.org/bot8563600071:AAEYVmlcGX1ot6QY3Ic91bIhhAQ9z5Qjln0/getUpdates "HTTP/1.1 200 OK"
2026-02-12 22:02:30,252 - httpx - INFO - HTTP Request: POST https://api.telegram.org/bot8563600071:AAEYVmlcGX1ot6QY3Ic91bIhhAQ9z5Qjln0/getUpdates "HTTP/1.1 200 OK"
2026-02-12 22:02:40,284 - httpx - INFO - HTTP Request: POST https://api.telegram.org/bot8563600071:AAEYVmlcGX1ot6QY3Ic91bIhhAQ9z5Qjln0/getUpdates "HTTP/1.1 200 OK"
2026-02-12 22:02:50,317 - httpx - INFO - HTTP Request: POST https://api.telegram.org/bot8563600071:AAEYVmlcGX1ot6QY3Ic91bIhhAQ9z5Qjln0/getUpdates "HTTP/1.1 200 OK"
2026-02-12 22:03:00,349 - httpx - INFO - HTTP Request: POST https://api.telegram.org/bot8563600071:AAEYVmlcGX1ot6QY3Ic91bIhhAQ9z5Qjln0/getUpdates "HTTP/1.1 200 OK"
2026-02-12 22:03:10,379 - httpx - INFO - HTTP Request: POST https://api.telegram.org/bot8563600071:AAEYVmlcGX1ot6QY3Ic91bIhhAQ9z5Qjln0/getUpdates "HTTP/1.1 200 OK"
2026-02-12 22:03:20,410 - httpx - INFO - HTTP Request: POST https://api.telegram.org/bot8563600071:AAEYVmlcGX1ot6QY3Ic91bIhhAQ9z5Qjln0/getUpdates "HTTP/1.1 200 OK"
2026-02-12 22:03:30,442 - httpx - INFO - HTTP Request: POST https://api.telegram.org/bot8563600071:AAEYVmlcGX1ot6QY3Ic91bIhhAQ9z5Qjln0/getUpdates "HTTP/1.1 200 OK"
2026-02-12 22:03:40,472 - httpx - INFO - HTTP Request: POST https://api.telegram.org/bot8563600071:AAEYVmlcGX1ot6QY3Ic91bIhhAQ9z5Qjln0/getUpdates "HTTP/1.1 200 OK"
2026-02-12 22:03:50,503 - httpx - INFO - HTTP Request: POST https://api.telegram.org/bot8563600071:AAEYVmlcGX1ot6QY3Ic91bIhhAQ9z5Qjln0/getUpdates "HTTP/1.1 200 OK"
2026-02-12 22:04:00,533 - httpx - INFO - HTTP Request: POST https://api.telegram.org/bot8563600071:AAEYVmlcGX1ot6QY3Ic91bIhhAQ9z5Qjln0/getUpdates "HTTP/1.1 200 OK"
2026-02-12 22:04:10,563 - httpx - INFO - HTTP Request: POST https://api.telegram.org/bot8563600071:AAEYVmlcGX1ot6QY3Ic91bIhhAQ9z5Qjln0/getUpdates "HTTP/1.1 200 OK"
2026-02-12 22:04:20,594 - httpx - INFO - HTTP Request: POST https://api.telegram.org/bot8563600071:AAEYVmlcGX1ot6QY3Ic91bIhhAQ9z5Qjln0/getUpdates "HTTP/1.1 200 OK"
2026-02-12 22:04:30,624 - httpx - INFO - HTTP Request: POST https://api.telegram.org/bot8563600071:AAEYVmlcGX1ot6QY3Ic91bIhhAQ9z5Qjln0/getUpdates "HTTP/1.1 200 OK"
2026-02-12 22:04:40,653 - httpx - INFO - HTTP Request: POST https://api.telegram.org/bot8563600071:AAEYVmlcGX1ot6QY3Ic91bIhhAQ9z5Qjln0/getUpdates "HTTP/1.1 200 OK"
2026-02-12 22:04:50,684 - httpx - INFO - HTTP Request: POST https://api.telegram.org/bot8563600071:AAEYVmlcGX1ot6QY3Ic91bIhhAQ9z5Qjln0/getUpdates "HTTP/1.1 200 OK"
2026-02-12 22:05:00,716 - httpx - INFO - HTTP Request: POST https://api.telegram.org/bot8563600071:AAEYVmlcGX1ot6QY3Ic91bIhhAQ9z5Qjln0/getUpdates "HTTP/1.1 200 OK"
2026-02-12 22:05:10,747 - httpx - INFO - HTTP Request: POST https://api.telegram.org/bot8563600071:AAEYVmlcGX1ot6QY3Ic91bIhhAQ9z5Qjln0/getUpdates "HTTP/1.1 200 OK"
2026-02-12 22:05:20,782 - httpx - INFO - HTTP Request: POST https://api.telegram.org/bot8563600071:AAEYVmlcGX1ot6QY3Ic91bIhhAQ9z5Qjln0/getUpdates "HTTP/1.1 200 OK"
2026-02-12 22:05:30,814 - httpx - INFO - HTTP Request: POST https://api.telegram.org/bot8563600071:AAEYVmlcGX1ot6QY3Ic91bIhhAQ9z5Qjln0/getUpdates "HTTP/1.1 200 OK"
2026-02-12 22:05:40,844 - httpx - INFO - HTTP Request: POST https://api.telegram.org/bot8563600071:AAEYVmlcGX1ot6QY3Ic91bIhhAQ9z5Qjln0/getUpdates "HTTP/1.1 200 OK"
2026-02-12 22:05:50,875 - httpx - INFO - HTTP Request: POST https://api.telegram.org/bot8563600071:AAEYVmlcGX1ot6QY3Ic91bIhhAQ9z5Qjln0/getUpdates "HTTP/1.1 200 OK"
2026-02-12 22:06:00,907 - httpx - INFO - HTTP Request: POST https://api.telegram.org/bot8563600071:AAEYVmlcGX1ot6QY3Ic91bIhhAQ9z5Qjln0/getUpdates "HTTP/1.1 200 OK"
2026-02-12 22:06:10,938 - httpx - INFO - HTTP Request: POST https://api.telegram.org/bot8563600071:AAEYVmlcGX1ot6QY3Ic91bIhhAQ9z5Qjln0/getUpdates "HTTP/1.1 200 OK"
2026-02-12 22:06:20,968 - httpx - INFO - HTTP Request: POST https://api.telegram.org/bot8563600071:AAEYVmlcGX1ot6QY3Ic91bIhhAQ9z5Qjln0/getUpdates "HTTP/1.1 200 OK"
2026-02-12 22:06:31,001 - httpx - INFO - HTTP Request: POST https://api.telegram.org/bot8563600071:AAEYVmlcGX1ot6QY3Ic91bIhhAQ9z5Qjln0/getUpdates "HTTP/1.1 200 OK"
2026-02-12 22:06:41,033 - httpx - INFO - HTTP Request: POST https://api.telegram.org/bot8563600071:AAEYVmlcGX1ot6QY3Ic91bIhhAQ9z5Qjln0/getUpdates "HTTP/1.1 200 OK"
2026-02-12 22:06:51,065 - httpx - INFO - HTTP Request: POST https://api.telegram.org/bot8563600071:AAEYVmlcGX1ot6QY3Ic91bIhhAQ9z5Qjln0/getUpdates "HTTP/1.1 200 OK"
2026-02-12 22:07:01,135 - httpx - INFO - HTTP Request: POST https://api.telegram.org/bot8563600071:AAEYVmlcGX1ot6QY3Ic91bIhhAQ9z5Qjln0/getUpdates "HTTP/1.1 200 OK"
2026-02-12 22:07:11,165 - httpx - INFO - HTTP Request: POST https://api.telegram.org/bot8563600071:AAEYVmlcGX1ot6QY3Ic91bIhhAQ9z5Qjln0/getUpdates "HTTP/1.1 200 OK"
2026-02-12 22:07:21,196 - httpx - INFO - HTTP Request: POST https://api.telegram.org/bot8563600071:AAEYVmlcGX1ot6QY3Ic91bIhhAQ9z5Qjln0/getUpdates "HTTP/1.1 200 OK"
2026-02-12 22:07:31,227 - httpx - INFO - HTTP Request: POST https://api.telegram.org/bot8563600071:AAEYVmlcGX1ot6QY3Ic91bIhhAQ9z5Qjln0/getUpdates "HTTP/1.1 200 OK"
2026-02-12 22:07:41,257 - httpx - INFO - HTTP Request: POST https://api.telegram.org/bot8563600071:AAEYVmlcGX1ot6QY3Ic91bIhhAQ9z5Qjln0/getUpdates "HTTP/1.1 200 OK"
2026-02-12 22:07:51,288 - httpx - INFO - HTTP Request: POST https://api.telegram.org/bot8563600071:AAEYVmlcGX1ot6QY3Ic91bIhhAQ9z5Qjln0/getUpdates "HTTP/1.1 200 OK"
2026-02-12 22:08:01,320 - httpx - INFO - HTTP Request: POST https://api.telegram.org/bot8563600071:AAEYVmlcGX1ot6QY3Ic91bIhhAQ9z5Qjln0/getUpdates "HTTP/1.1 200 OK"
2026-02-12 22:08:11,350 - httpx - INFO - HTTP Request: POST https://api.telegram.org/bot8563600071:AAEYVmlcGX1ot6QY3Ic91bIhhAQ9z5Qjln0/getUpdates "HTTP/1.1 200 OK"
2026-02-12 22:08:21,386 - httpx - INFO - HTTP Request: POST https://api.telegram.org/bot8563600071:AAEYVmlcGX1ot6QY3Ic91bIhhAQ9z5Qjln0/getUpdates "HTTP/1.1 200 OK"
2026-02-12 22:08:31,423 - httpx - INFO - HTTP Request: POST https://api.telegram.org/bot8563600071:AAEYVmlcGX1ot6QY3Ic91bIhhAQ9z5Qjln0/getUpdates "HTTP/1.1 200 OK"
2026-02-12 22:08:41,454 - httpx - INFO - HTTP Request: POST https://api.telegram.org/bot8563600071:AAEYVmlcGX1ot6QY3Ic91bIhhAQ9z5Qjln0/getUpdates "HTTP/1.1 200 OK"
2026-02-12 22:08:51,485 - httpx - INFO - HTTP Request: POST https://api.telegram.org/bot8563600071:AAEYVmlcGX1ot6QY3Ic91bIhhAQ9z5Qjln0/getUpdates "HTTP/1.1 200 OK"
2026-02-12 22:09:01,525 - httpx - INFO - HTTP Request: POST https://api.telegram.org/bot8563600071:AAEYVmlcGX1ot6QY3Ic91bIhhAQ9z5Qjln0/getUpdates "HTTP/1.1 200 OK"
2026-02-12 22:09:11,557 - httpx - INFO - HTTP Request: POST https://api.telegram.org/bot8563600071:AAEYVmlcGX1ot6QY3Ic91bIhhAQ9z5Qjln0/getUpdates "HTTP/1.1 200 OK"
2026-02-12 22:09:21,587 - httpx - INFO - HTTP Request: POST https://api.telegram.org/bot8563600071:AAEYVmlcGX1ot6QY3Ic91bIhhAQ9z5Qjln0/getUpdates "HTTP/1.1 200 OK"
2026-02-12 22:09:31,617 - httpx - INFO - HTTP Request: POST https://api.telegram.org/bot8563600071:AAEYVmlcGX1ot6QY3Ic91bIhhAQ9z5Qjln0/getUpdates "HTTP/1.1 200 OK"
2026-02-12 22:09:41,648 - httpx - INFO - HTTP Request: POST https://api.telegram.org/bot8563600071:AAEYVmlcGX1ot6QY3Ic91bIhhAQ9z5Qjln0/getUpdates "HTTP/1.1 200 OK"
2026-02-12 22:09:51,679 - httpx - INFO - HTTP Request: POST https://api.telegram.org/bot8563600071:AAEYVmlcGX1ot6QY3Ic91bIhhAQ9z5Qjln0/getUpdates "HTTP/1.1 200 OK"
2026-02-12 22:10:01,709 - httpx - INFO - HTTP Request: POST https://api.telegram.org/bot8563600071:AAEYVmlcGX1ot6QY3Ic91bIhhAQ9z5Qjln0/getUpdates "HTTP/1.1 200 OK"
2026-02-12 22:10:11,740 - httpx - INFO - HTTP Request: POST https://api.telegram.org/bot8563600071:AAEYVmlcGX1ot6QY3Ic91bIhhAQ9z5Qjln0/getUpdates "HTTP/1.1 200 OK"
2026-02-12 22:10:21,770 - httpx - INFO - HTTP Request: POST https://api.telegram.org/bot8563600071:AAEYVmlcGX1ot6QY3Ic91bIhhAQ9z5Qjln0/getUpdates "HTTP/1.1 200 OK"
2026-02-12 22:10:31,809 - httpx - INFO - HTTP Request: POST https://api.telegram.org/bot8563600071:AAEYVmlcGX1ot6QY3Ic91bIhhAQ9z5Qjln0/getUpdates "HTTP/1.1 200 OK"
2026-02-12 22:10:41,841 - httpx - INFO - HTTP Request: POST https://api.telegram.org/bot8563600071:AAEYVmlcGX1ot6QY3Ic91bIhhAQ9z5Qjln0/getUpdates "HTTP/1.1 200 OK"
2026-02-12 22:10:51,871 - httpx - INFO - HTTP Request: POST https://api.telegram.org/bot8563600071:AAEYVmlcGX1ot6QY3Ic91bIhhAQ9z5Qjln0/getUpdates "HTTP/1.1 200 OK"
2026-02-12 22:11:01,901 - httpx - INFO - HTTP Request: POST https://api.telegram.org/bot8563600071:AAEYVmlcGX1ot6QY3Ic91bIhhAQ9z5Qjln0/getUpdates "HTTP/1.1 200 OK"
2026-02-12 22:11:11,932 - httpx - INFO - HTTP Request: POST https://api.telegram.org/bot8563600071:AAEYVmlcGX1ot6QY3Ic91bIhhAQ9z5Qjln0/getUpdates "HTTP/1.1 200 OK"
2026-02-12 22:11:21,963 - httpx - INFO - HTTP Request: POST https://api.telegram.org/bot8563600071:AAEYVmlcGX1ot6QY3Ic91bIhhAQ9z5Qjln0/getUpdates "HTTP/1.1 200 OK"
2026-02-12 22:11:31,993 - httpx - INFO - HTTP Request: POST https://api.telegram.org/bot8563600071:AAEYVmlcGX1ot6QY3Ic91bIhhAQ9z5Qjln0/getUpdates "HTTP/1.1 200 OK"
2026-02-12 22:11:42,023 - httpx - INFO - HTTP Request: POST https://api.telegram.org/bot8563600071:AAEYVmlcGX1ot6QY3Ic91bIhhAQ9z5Qjln0/getUpdates "HTTP/1.1 200 OK"
2026-02-12 22:11:52,053 - httpx - INFO - HTTP Request: POST https://api.telegram.org/bot8563600071:AAEYVmlcGX1ot6QY3Ic91bIhhAQ9z5Qjln0/getUpdates "HTTP/1.1 200 OK"
2026-02-12 22:12:02,083 - httpx - INFO - HTTP Request: POST https://api.telegram.org/bot8563600071:AAEYVmlcGX1ot6QY3Ic91bIhhAQ9z5Qjln0/getUpdates "HTTP/1.1 200 OK"
2026-02-12 22:12:12,113 - httpx - INFO - HTTP Request: POST https://api.telegram.org/bot8563600071:AAEYVmlcGX1ot6QY3Ic91bIhhAQ9z5Qjln0/getUpdates "HTTP/1.1 200 OK"
2026-02-12 22:12:22,143 - httpx - INFO - HTTP Request: POST https://api.telegram.org/bot8563600071:AAEYVmlcGX1ot6QY3Ic91bIhhAQ9z5Qjln0/getUpdates "HTTP/1.1 200 OK"
2026-02-12 22:12:32,175 - httpx - INFO - HTTP Request: POST https://api.telegram.org/bot8563600071:AAEYVmlcGX1ot6QY3Ic91bIhhAQ9z5Qjln0/getUpdates "HTTP/1.1 200 OK"
2026-02-12 22:12:42,206 - httpx - INFO - HTTP Request: POST https://api.telegram.org/bot8563600071:AAEYVmlcGX1ot6QY3Ic91bIhhAQ9z5Qjln0/getUpdates "HTTP/1.1 200 OK"
2026-02-12 22:12:52,236 - httpx - INFO - HTTP Request: POST https://api.telegram.org/bot8563600071:AAEYVmlcGX1ot6QY3Ic91bIhhAQ9z5Qjln0/getUpdates "HTTP/1.1 200 OK"
2026-02-12 22:13:02,266 - httpx - INFO - HTTP Request: POST https://api.telegram.org/bot8563600071:AAEYVmlcGX1ot6QY3Ic91bIhhAQ9z5Qjln0/getUpdates "HTTP/1.1 200 OK"
2026-02-12 22:13:12,297 - httpx - INFO - HTTP Request: POST https://api.telegram.org/bot8563600071:AAEYVmlcGX1ot6QY3Ic91bIhhAQ9z5Qjln0/getUpdates "HTTP/1.1 200 OK"
2026-02-12 22:13:22,327 - httpx - INFO - HTTP Request: POST https://api.telegram.org/bot8563600071:AAEYVmlcGX1ot6QY3Ic91bIhhAQ9z5Qjln0/getUpdates "HTTP/1.1 200 OK"
2026-02-12 22:13:32,358 - httpx - INFO - HTTP Request: POST https://api.telegram.org/bot8563600071:AAEYVmlcGX1ot6QY3Ic91bIhhAQ9z5Qjln0/getUpdates "HTTP/1.1 200 OK"
2026-02-12 22:13:42,391 - httpx - INFO - HTTP Request: POST https://api.telegram.org/bot8563600071:AAEYVmlcGX1ot6QY3Ic91bIhhAQ9z5Qjln0/getUpdates "HTTP/1.1 200 OK"
2026-02-12 22:13:52,421 - httpx - INFO - HTTP Request: POST https://api.telegram.org/bot8563600071:AAEYVmlcGX1ot6QY3Ic91bIhhAQ9z5Qjln0/getUpdates "HTTP/1.1 200 OK"
2026-02-12 22:14:02,451 - httpx - INFO - HTTP Request: POST https://api.telegram.org/bot8563600071:AAEYVmlcGX1ot6QY3Ic91bIhhAQ9z5Qjln0/getUpdates "HTTP/1.1 200 OK"
2026-02-12 22:14:12,481 - httpx - INFO - HTTP Request: POST https://api.telegram.org/bot8563600071:AAEYVmlcGX1ot6QY3Ic91bIhhAQ9z5Qjln0/getUpdates "HTTP/1.1 200 OK"
2026-02-12 22:14:22,513 - httpx - INFO - HTTP Request: POST https://api.telegram.org/bot8563600071:AAEYVmlcGX1ot6QY3Ic91bIhhAQ9z5Qjln0/getUpdates "HTTP/1.1 200 OK"
2026-02-12 22:14:32,543 - httpx - INFO - HTTP Request: POST https://api.telegram.org/bot8563600071:AAEYVmlcGX1ot6QY3Ic91bIhhAQ9z5Qjln0/getUpdates "HTTP/1.1 200 OK"
2026-02-12 22:14:42,574 - httpx - INFO - HTTP Request: POST https://api.telegram.org/bot8563600071:AAEYVmlcGX1ot6QY3Ic91bIhhAQ9z5Qjln0/getUpdates "HTTP/1.1 200 OK"
2026-02-12 22:14:52,605 - httpx - INFO - HTTP Request: POST https://api.telegram.org/bot8563600071:AAEYVmlcGX1ot6QY3Ic91bIhhAQ9z5Qjln0/getUpdates "HTTP/1.1 200 OK"
2026-02-12 22:15:02,636 - httpx - INFO - HTTP Request: POST https://api.telegram.org/bot8563600071:AAEYVmlcGX1ot6QY3Ic91bIhhAQ9z5Qjln0/getUpdates "HTTP/1.1 200 OK"
2026-02-12 22:15:12,667 - httpx - INFO - HTTP Request: POST https://api.telegram.org/bot8563600071:AAEYVmlcGX1ot6QY3Ic91bIhhAQ9z5Qjln0/getUpdates "HTTP/1.1 200 OK"
2026-02-12 22:15:22,697 - httpx - INFO - HTTP Request: POST https://api.telegram.org/bot8563600071:AAEYVmlcGX1ot6QY3Ic91bIhhAQ9z5Qjln0/getUpdates "HTTP/1.1 200 OK"
2026-02-12 22:15:32,729 - httpx - INFO - HTTP Request: POST https://api.telegram.org/bot8563600071:AAEYVmlcGX1ot6QY3Ic91bIhhAQ9z5Qjln0/getUpdates "HTTP/1.1 200 OK"
2026-02-12 22:15:42,761 - httpx - INFO - HTTP Request: POST https://api.telegram.org/bot8563600071:AAEYVmlcGX1ot6QY3Ic91bIhhAQ9z5Qjln0/getUpdates "HTTP/1.1 200 OK"
2026-02-12 22:15:52,792 - httpx - INFO - HTTP Request: POST https://api.telegram.org/bot8563600071:AAEYVmlcGX1ot6QY3Ic91bIhhAQ9z5Qjln0/getUpdates "HTTP/1.1 200 OK"
2026-02-12 22:16:02,822 - httpx - INFO - HTTP Request: POST https://api.telegram.org/bot8563600071:AAEYVmlcGX1ot6QY3Ic91bIhhAQ9z5Qjln0/getUpdates "HTTP/1.1 200 OK"
2026-02-12 22:16:12,853 - httpx - INFO - HTTP Request: POST https://api.telegram.org/bot8563600071:AAEYVmlcGX1ot6QY3Ic91bIhhAQ9z5Qjln0/getUpdates "HTTP/1.1 200 OK"
2026-02-12 22:16:22,883 - httpx - INFO - HTTP Request: POST https://api.telegram.org/bot8563600071:AAEYVmlcGX1ot6QY3Ic91bIhhAQ9z5Qjln0/getUpdates "HTTP/1.1 200 OK"
2026-02-12 22:16:32,914 - httpx - INFO - HTTP Request: POST https://api.telegram.org/bot8563600071:AAEYVmlcGX1ot6QY3Ic91bIhhAQ9z5Qjln0/getUpdates "HTTP/1.1 200 OK"
2026-02-12 22:16:42,945 - httpx - INFO - HTTP Request: POST https://api.telegram.org/bot8563600071:AAEYVmlcGX1ot6QY3Ic91bIhhAQ9z5Qjln0/getUpdates "HTTP/1.1 200 OK"
2026-02-12 22:16:52,976 - httpx - INFO - HTTP Request: POST https://api.telegram.org/bot8563600071:AAEYVmlcGX1ot6QY3Ic91bIhhAQ9z5Qjln0/getUpdates "HTTP/1.1 200 OK"
2026-02-12 22:17:03,008 - httpx - INFO - HTTP Request: POST https://api.telegram.org/bot8563600071:AAEYVmlcGX1ot6QY3Ic91bIhhAQ9z5Qjln0/getUpdates "HTTP/1.1 200 OK"
2026-02-12 22:17:13,041 - httpx - INFO - HTTP Request: POST https://api.telegram.org/bot8563600071:AAEYVmlcGX1ot6QY3Ic91bIhhAQ9z5Qjln0/getUpdates "HTTP/1.1 200 OK"
2026-02-12 22:17:23,072 - httpx - INFO - HTTP Request: POST https://api.telegram.org/bot8563600071:AAEYVmlcGX1ot6QY3Ic91bIhhAQ9z5Qjln0/getUpdates "HTTP/1.1 200 OK"
2026-02-12 22:17:33,103 - httpx - INFO - HTTP Request: POST https://api.telegram.org/bot8563600071:AAEYVmlcGX1ot6QY3Ic91bIhhAQ9z5Qjln0/getUpdates "HTTP/1.1 200 OK"
2026-02-12 22:17:43,213 - httpx - INFO - HTTP Request: POST https://api.telegram.org/bot8563600071:AAEYVmlcGX1ot6QY3Ic91bIhhAQ9z5Qjln0/getUpdates "HTTP/1.1 200 OK"
2026-02-12 22:17:53,242 - httpx - INFO - HTTP Request: POST https://api.telegram.org/bot8563600071:AAEYVmlcGX1ot6QY3Ic91bIhhAQ9z5Qjln0/getUpdates "HTTP/1.1 200 OK"
2026-02-12 22:18:03,273 - httpx - INFO - HTTP Request: POST https://api.telegram.org/bot8563600071:AAEYVmlcGX1ot6QY3Ic91bIhhAQ9z5Qjln0/getUpdates "HTTP/1.1 200 OK"
2026-02-12 22:18:13,307 - httpx - INFO - HTTP Request: POST https://api.telegram.org/bot8563600071:AAEYVmlcGX1ot6QY3Ic91bIhhAQ9z5Qjln0/getUpdates "HTTP/1.1 200 OK"
2026-02-12 22:18:23,339 - httpx - INFO - HTTP Request: POST https://api.telegram.org/bot8563600071:AAEYVmlcGX1ot6QY3Ic91bIhhAQ9z5Qjln0/getUpdates "HTTP/1.1 200 OK"
2026-02-12 22:18:33,373 - httpx - INFO - HTTP Request: POST https://api.telegram.org/bot8563600071:AAEYVmlcGX1ot6QY3Ic91bIhhAQ9z5Qjln0/getUpdates "HTTP/1.1 200 OK"
2026-02-12 22:18:43,403 - httpx - INFO - HTTP Request: POST https://api.telegram.org/bot8563600071:AAEYVmlcGX1ot6QY3Ic91bIhhAQ9z5Qjln0/getUpdates "HTTP/1.1 200 OK"
2026-02-12 22:18:53,433 - httpx - INFO - HTTP Request: POST https://api.telegram.org/bot8563600071:AAEYVmlcGX1ot6QY3Ic91bIhhAQ9z5Qjln0/getUpdates "HTTP/1.1 200 OK"
2026-02-12 22:19:03,463 - httpx - INFO - HTTP Request: POST https://api.telegram.org/bot8563600071:AAEYVmlcGX1ot6QY3Ic91bIhhAQ9z5Qjln0/getUpdates "HTTP/1.1 200 OK"
2026-02-12 22:19:13,492 - httpx - INFO - HTTP Request: POST https://api.telegram.org/bot8563600071:AAEYVmlcGX1ot6QY3Ic91bIhhAQ9z5Qjln0/getUpdates "HTTP/1.1 200 OK"
2026-02-12 22:19:23,524 - httpx - INFO - HTTP Request: POST https://api.telegram.org/bot8563600071:AAEYVmlcGX1ot6QY3Ic91bIhhAQ9z5Qjln0/getUpdates "HTTP/1.1 200 OK"
2026-02-12 22:19:33,556 - httpx - INFO - HTTP Request: POST https://api.telegram.org/bot8563600071:AAEYVmlcGX1ot6QY3Ic91bIhhAQ9z5Qjln0/getUpdates "HTTP/1.1 200 OK"
2026-02-12 22:19:43,589 - httpx - INFO - HTTP Request: POST https://api.telegram.org/bot8563600071:AAEYVmlcGX1ot6QY3Ic91bIhhAQ9z5Qjln0/getUpdates "HTTP/1.1 200 OK"
2026-02-12 22:19:53,619 - httpx - INFO - HTTP Request: POST https://api.telegram.org/bot8563600071:AAEYVmlcGX1ot6QY3Ic91bIhhAQ9z5Qjln0/getUpdates "HTTP/1.1 200 OK"
2026-02-12 22:20:03,649 - httpx - INFO - HTTP Request: POST https://api.telegram.org/bot8563600071:AAEYVmlcGX1ot6QY3Ic91bIhhAQ9z5Qjln0/getUpdates "HTTP/1.1 200 OK"
2026-02-12 22:20:13,679 - httpx - INFO - HTTP Request: POST https://api.telegram.org/bot8563600071:AAEYVmlcGX1ot6QY3Ic91bIhhAQ9z5Qjln0/getUpdates "HTTP/1.1 200 OK"
2026-02-12 22:20:23,715 - httpx - INFO - HTTP Request: POST https://api.telegram.org/bot8563600071:AAEYVmlcGX1ot6QY3Ic91bIhhAQ9z5Qjln0/getUpdates "HTTP/1.1 200 OK"
2026-02-12 22:20:33,746 - httpx - INFO - HTTP Request: POST https://api.telegram.org/bot8563600071:AAEYVmlcGX1ot6QY3Ic91bIhhAQ9z5Qjln0/getUpdates "HTTP/1.1 200 OK"
2026-02-12 22:20:43,776 - httpx - INFO - HTTP Request: POST https://api.telegram.org/bot8563600071:AAEYVmlcGX1ot6QY3Ic91bIhhAQ9z5Qjln0/getUpdates "HTTP/1.1 200 OK"
2026-02-12 22:20:53,806 - httpx - INFO - HTTP Request: POST https://api.telegram.org/bot8563600071:AAEYVmlcGX1ot6QY3Ic91bIhhAQ9z5Qjln0/getUpdates "HTTP/1.1 200 OK"
2026-02-12 22:21:03,836 - httpx - INFO - HTTP Request: POST https://api.telegram.org/bot8563600071:AAEYVmlcGX1ot6QY3Ic91bIhhAQ9z5Qjln0/getUpdates "HTTP/1.1 200 OK"
2026-02-12 22:21:13,867 - httpx - INFO - HTTP Request: POST https://api.telegram.org/bot8563600071:AAEYVmlcGX1ot6QY3Ic91bIhhAQ9z5Qjln0/getUpdates "HTTP/1.1 200 OK"
2026-02-12 22:21:23,899 - httpx - INFO - HTTP Request: POST https://api.telegram.org/bot8563600071:AAEYVmlcGX1ot6QY3Ic91bIhhAQ9z5Qjln0/getUpdates "HTTP/1.1 200 OK"
2026-02-12 22:21:33,931 - httpx - INFO - HTTP Request: POST https://api.telegram.org/bot8563600071:AAEYVmlcGX1ot6QY3Ic91bIhhAQ9z5Qjln0/getUpdates "HTTP/1.1 200 OK"
2026-02-12 22:21:43,961 - httpx - INFO - HTTP Request: POST https://api.telegram.org/bot8563600071:AAEYVmlcGX1ot6QY3Ic91bIhhAQ9z5Qjln0/getUpdates "HTTP/1.1 200 OK"
2026-02-12 22:21:53,991 - httpx - INFO - HTTP Request: POST https://api.telegram.org/bot8563600071:AAEYVmlcGX1ot6QY3Ic91bIhhAQ9z5Qjln0/getUpdates "HTTP/1.1 200 OK"
2026-02-12 22:22:04,021 - httpx - INFO - HTTP Request: POST https://api.telegram.org/bot8563600071:AAEYVmlcGX1ot6QY3Ic91bIhhAQ9z5Qjln0/getUpdates "HTTP/1.1 200 OK"
2026-02-12 22:22:14,054 - httpx - INFO - HTTP Request: POST https://api.telegram.org/bot8563600071:AAEYVmlcGX1ot6QY3Ic91bIhhAQ9z5Qjln0/getUpdates "HTTP/1.1 200 OK"
2026-02-12 22:22:24,084 - httpx - INFO - HTTP Request: POST https://api.telegram.org/bot8563600071:AAEYVmlcGX1ot6QY3Ic91bIhhAQ9z5Qjln0/getUpdates "HTTP/1.1 200 OK"
2026-02-12 22:22:34,117 - httpx - INFO - HTTP Request: POST https://api.telegram.org/bot8563600071:AAEYVmlcGX1ot6QY3Ic91bIhhAQ9z5Qjln0/getUpdates "HTTP/1.1 200 OK"
2026-02-12 22:22:44,148 - httpx - INFO - HTTP Request: POST https://api.telegram.org/bot8563600071:AAEYVmlcGX1ot6QY3Ic91bIhhAQ9z5Qjln0/getUpdates "HTTP/1.1 200 OK"
2026-02-12 22:22:54,180 - httpx - INFO - HTTP Request: POST https://api.telegram.org/bot8563600071:AAEYVmlcGX1ot6QY3Ic91bIhhAQ9z5Qjln0/getUpdates "HTTP/1.1 200 OK"
2026-02-12 22:23:04,210 - httpx - INFO - HTTP Request: POST https://api.telegram.org/bot8563600071:AAEYVmlcGX1ot6QY3Ic91bIhhAQ9z5Qjln0/getUpdates "HTTP/1.1 200 OK"
2026-02-12 22:23:14,241 - httpx - INFO - HTTP Request: POST https://api.telegram.org/bot8563600071:AAEYVmlcGX1ot6QY3Ic91bIhhAQ9z5Qjln0/getUpdates "HTTP/1.1 200 OK"
2026-02-12 22:23:24,272 - httpx - INFO - HTTP Request: POST https://api.telegram.org/bot8563600071:AAEYVmlcGX1ot6QY3Ic91bIhhAQ9z5Qjln0/getUpdates "HTTP/1.1 200 OK"
2026-02-12 22:23:34,306 - httpx - INFO - HTTP Request: POST https://api.telegram.org/bot8563600071:AAEYVmlcGX1ot6QY3Ic91bIhhAQ9z5Qjln0/getUpdates "HTTP/1.1 200 OK"
2026-02-12 22:23:44,337 - httpx - INFO - HTTP Request: POST https://api.telegram.org/bot8563600071:AAEYVmlcGX1ot6QY3Ic91bIhhAQ9z5Qjln0/getUpdates "HTTP/1.1 200 OK"
2026-02-12 22:23:54,370 - httpx - INFO - HTTP Request: POST https://api.telegram.org/bot8563600071:AAEYVmlcGX1ot6QY3Ic91bIhhAQ9z5Qjln0/getUpdates "HTTP/1.1 200 OK"
2026-02-12 22:24:04,401 - httpx - INFO - HTTP Request: POST https://api.telegram.org/bot8563600071:AAEYVmlcGX1ot6QY3Ic91bIhhAQ9z5Qjln0/getUpdates "HTTP/1.1 200 OK"
2026-02-12 22:24:14,430 - httpx - INFO - HTTP Request: POST https://api.telegram.org/bot8563600071:AAEYVmlcGX1ot6QY3Ic91bIhhAQ9z5Qjln0/getUpdates "HTTP/1.1 200 OK"
2026-02-12 22:24:24,460 - httpx - INFO - HTTP Request: POST https://api.telegram.org/bot8563600071:AAEYVmlcGX1ot6QY3Ic91bIhhAQ9z5Qjln0/getUpdates "HTTP/1.1 200 OK"
2026-02-12 22:24:34,491 - httpx - INFO - HTTP Request: POST https://api.telegram.org/bot8563600071:AAEYVmlcGX1ot6QY3Ic91bIhhAQ9z5Qjln0/getUpdates "HTTP/1.1 200 OK"
2026-02-12 22:24:44,529 - httpx - INFO - HTTP Request: POST https://api.telegram.org/bot8563600071:AAEYVmlcGX1ot6QY3Ic91bIhhAQ9z5Qjln0/getUpdates "HTTP/1.1 200 OK"
2026-02-12 22:24:54,559 - httpx - INFO - HTTP Request: POST https://api.telegram.org/bot8563600071:AAEYVmlcGX1ot6QY3Ic91bIhhAQ9z5Qjln0/getUpdates "HTTP/1.1 200 OK"
2026-02-12 22:25:04,589 - httpx - INFO - HTTP Request: POST https://api.telegram.org/bot8563600071:AAEYVmlcGX1ot6QY3Ic91bIhhAQ9z5Qjln0/getUpdates "HTTP/1.1 200 OK"
2026-02-12 22:25:14,626 - httpx - INFO - HTTP Request: POST https://api.telegram.org/bot8563600071:AAEYVmlcGX1ot6QY3Ic91bIhhAQ9z5Qjln0/getUpdates "HTTP/1.1 200 OK"
2026-02-12 22:25:24,665 - httpx - INFO - HTTP Request: POST https://api.telegram.org/bot8563600071:AAEYVmlcGX1ot6QY3Ic91bIhhAQ9z5Qjln0/getUpdates "HTTP/1.1 200 OK"
2026-02-12 22:25:34,696 - httpx - INFO - HTTP Request: POST https://api.telegram.org/bot8563600071:AAEYVmlcGX1ot6QY3Ic91bIhhAQ9z5Qjln0/getUpdates "HTTP/1.1 200 OK"
2026-02-12 22:25:44,733 - httpx - INFO - HTTP Request: POST https://api.telegram.org/bot8563600071:AAEYVmlcGX1ot6QY3Ic91bIhhAQ9z5Qjln0/getUpdates "HTTP/1.1 200 OK"
2026-02-12 22:25:54,765 - httpx - INFO - HTTP Request: POST https://api.telegram.org/bot8563600071:AAEYVmlcGX1ot6QY3Ic91bIhhAQ9z5Qjln0/getUpdates "HTTP/1.1 200 OK"
2026-02-12 22:26:04,794 - httpx - INFO - HTTP Request: POST https://api.telegram.org/bot8563600071:AAEYVmlcGX1ot6QY3Ic91bIhhAQ9z5Qjln0/getUpdates "HTTP/1.1 200 OK"
2026-02-12 22:26:14,826 - httpx - INFO - HTTP Request: POST https://api.telegram.org/bot8563600071:AAEYVmlcGX1ot6QY3Ic91bIhhAQ9z5Qjln0/getUpdates "HTTP/1.1 200 OK"
2026-02-12 22:26:24,856 - httpx - INFO - HTTP Request: POST https://api.telegram.org/bot8563600071:AAEYVmlcGX1ot6QY3Ic91bIhhAQ9z5Qjln0/getUpdates "HTTP/1.1 200 OK"
2026-02-12 22:26:34,894 - httpx - INFO - HTTP Request: POST https://api.telegram.org/bot8563600071:AAEYVmlcGX1ot6QY3Ic91bIhhAQ9z5Qjln0/getUpdates "HTTP/1.1 200 OK"
2026-02-12 22:26:44,924 - httpx - INFO - HTTP Request: POST https://api.telegram.org/bot8563600071:AAEYVmlcGX1ot6QY3Ic91bIhhAQ9z5Qjln0/getUpdates "HTTP/1.1 200 OK"
2026-02-12 22:26:54,959 - httpx - INFO - HTTP Request: POST https://api.telegram.org/bot8563600071:AAEYVmlcGX1ot6QY3Ic91bIhhAQ9z5Qjln0/getUpdates "HTTP/1.1 200 OK"
2026-02-12 22:27:04,992 - httpx - INFO - HTTP Request: POST https://api.telegram.org/bot8563600071:AAEYVmlcGX1ot6QY3Ic91bIhhAQ9z5Qjln0/getUpdates "HTTP/1.1 200 OK"
2026-02-12 22:27:15,223 - httpx - INFO - HTTP Request: POST https://api.telegram.org/bot8563600071:AAEYVmlcGX1ot6QY3Ic91bIhhAQ9z5Qjln0/getUpdates "HTTP/1.1 200 OK"
2026-02-12 22:27:25,253 - httpx - INFO - HTTP Request: POST https://api.telegram.org/bot8563600071:AAEYVmlcGX1ot6QY3Ic91bIhhAQ9z5Qjln0/getUpdates "HTTP/1.1 200 OK"
2026-02-12 22:27:35,292 - httpx - INFO - HTTP Request: POST https://api.telegram.org/bot8563600071:AAEYVmlcGX1ot6QY3Ic91bIhhAQ9z5Qjln0/getUpdates "HTTP/1.1 200 OK"
2026-02-12 22:27:45,324 - httpx - INFO - HTTP Request: POST https://api.telegram.org/bot8563600071:AAEYVmlcGX1ot6QY3Ic91bIhhAQ9z5Qjln0/getUpdates "HTTP/1.1 200 OK"
2026-02-12 22:27:55,363 - httpx - INFO - HTTP Request: POST https://api.telegram.org/bot8563600071:AAEYVmlcGX1ot6QY3Ic91bIhhAQ9z5Qjln0/getUpdates "HTTP/1.1 200 OK"
2026-02-12 22:28:05,393 - httpx - INFO - HTTP Request: POST https://api.telegram.org/bot8563600071:AAEYVmlcGX1ot6QY3Ic91bIhhAQ9z5Qjln0/getUpdates "HTTP/1.1 200 OK"
2026-02-12 22:28:15,423 - httpx - INFO - HTTP Request: POST https://api.telegram.org/bot8563600071:AAEYVmlcGX1ot6QY3Ic91bIhhAQ9z5Qjln0/getUpdates "HTTP/1.1 200 OK"
2026-02-12 22:28:25,452 - httpx - INFO - HTTP Request: POST https://api.telegram.org/bot8563600071:AAEYVmlcGX1ot6QY3Ic91bIhhAQ9z5Qjln0/getUpdates "HTTP/1.1 200 OK"
2026-02-12 22:28:35,496 - httpx - INFO - HTTP Request: POST https://api.telegram.org/bot8563600071:AAEYVmlcGX1ot6QY3Ic91bIhhAQ9z5Qjln0/getUpdates "HTTP/1.1 200 OK"
2026-02-12 22:28:45,529 - httpx - INFO - HTTP Request: POST https://api.telegram.org/bot8563600071:AAEYVmlcGX1ot6QY3Ic91bIhhAQ9z5Qjln0/getUpdates "HTTP/1.1 200 OK"
2026-02-12 22:28:55,559 - httpx - INFO - HTTP Request: POST https://api.telegram.org/bot8563600071:AAEYVmlcGX1ot6QY3Ic91bIhhAQ9z5Qjln0/getUpdates "HTTP/1.1 200 OK"
2026-02-12 22:29:05,589 - httpx - INFO - HTTP Request: POST https://api.telegram.org/bot8563600071:AAEYVmlcGX1ot6QY3Ic91bIhhAQ9z5Qjln0/getUpdates "HTTP/1.1 200 OK"
2026-02-12 22:29:15,618 - httpx - INFO - HTTP Request: POST https://api.telegram.org/bot8563600071:AAEYVmlcGX1ot6QY3Ic91bIhhAQ9z5Qjln0/getUpdates "HTTP/1.1 200 OK"
2026-02-12 22:29:25,649 - httpx - INFO - HTTP Request: POST https://api.telegram.org/bot8563600071:AAEYVmlcGX1ot6QY3Ic91bIhhAQ9z5Qjln0/getUpdates "HTTP/1.1 200 OK"
2026-02-12 22:29:35,679 - httpx - INFO - HTTP Request: POST https://api.telegram.org/bot8563600071:AAEYVmlcGX1ot6QY3Ic91bIhhAQ9z5Qjln0/getUpdates "HTTP/1.1 200 OK"
2026-02-12 22:29:45,711 - httpx - INFO - HTTP Request: POST https://api.telegram.org/bot8563600071:AAEYVmlcGX1ot6QY3Ic91bIhhAQ9z5Qjln0/getUpdates "HTTP/1.1 200 OK"
2026-02-12 22:29:55,741 - httpx - INFO - HTTP Request: POST https://api.telegram.org/bot8563600071:AAEYVmlcGX1ot6QY3Ic91bIhhAQ9z5Qjln0/getUpdates "HTTP/1.1 200 OK"
2026-02-12 22:30:05,775 - httpx - INFO - HTTP Request: POST https://api.telegram.org/bot8563600071:AAEYVmlcGX1ot6QY3Ic91bIhhAQ9z5Qjln0/getUpdates "HTTP/1.1 200 OK"
2026-02-12 22:30:15,807 - httpx - INFO - HTTP Request: POST https://api.telegram.org/bot8563600071:AAEYVmlcGX1ot6QY3Ic91bIhhAQ9z5Qjln0/getUpdates "HTTP/1.1 200 OK"
2026-02-12 22:30:25,849 - httpx - INFO - HTTP Request: POST https://api.telegram.org/bot8563600071:AAEYVmlcGX1ot6QY3Ic91bIhhAQ9z5Qjln0/getUpdates "HTTP/1.1 200 OK"
2026-02-12 22:30:35,880 - httpx - INFO - HTTP Request: POST https://api.telegram.org/bot8563600071:AAEYVmlcGX1ot6QY3Ic91bIhhAQ9z5Qjln0/getUpdates "HTTP/1.1 200 OK"
2026-02-12 22:30:45,919 - httpx - INFO - HTTP Request: POST https://api.telegram.org/bot8563600071:AAEYVmlcGX1ot6QY3Ic91bIhhAQ9z5Qjln0/getUpdates "HTTP/1.1 200 OK"
2026-02-12 22:30:55,949 - httpx - INFO - HTTP Request: POST https://api.telegram.org/bot8563600071:AAEYVmlcGX1ot6QY3Ic91bIhhAQ9z5Qjln0/getUpdates "HTTP/1.1 200 OK"
2026-02-12 22:31:05,978 - httpx - INFO - HTTP Request: POST https://api.telegram.org/bot8563600071:AAEYVmlcGX1ot6QY3Ic91bIhhAQ9z5Qjln0/getUpdates "HTTP/1.1 200 OK"
2026-02-12 22:31:16,017 - httpx - INFO - HTTP Request: POST https://api.telegram.org/bot8563600071:AAEYVmlcGX1ot6QY3Ic91bIhhAQ9z5Qjln0/getUpdates "HTTP/1.1 200 OK"
2026-02-12 22:31:26,047 - httpx - INFO - HTTP Request: POST https://api.telegram.org/bot8563600071:AAEYVmlcGX1ot6QY3Ic91bIhhAQ9z5Qjln0/getUpdates "HTTP/1.1 200 OK"
2026-02-12 22:31:36,078 - httpx - INFO - HTTP Request: POST https://api.telegram.org/bot8563600071:AAEYVmlcGX1ot6QY3Ic91bIhhAQ9z5Qjln0/getUpdates "HTTP/1.1 200 OK"
2026-02-12 22:31:46,107 - httpx - INFO - HTTP Request: POST https://api.telegram.org/bot8563600071:AAEYVmlcGX1ot6QY3Ic91bIhhAQ9z5Qjln0/getUpdates "HTTP/1.1 200 OK"
2026-02-12 22:31:56,146 - httpx - INFO - HTTP Request: POST https://api.telegram.org/bot8563600071:AAEYVmlcGX1ot6QY3Ic91bIhhAQ9z5Qjln0/getUpdates "HTTP/1.1 200 OK"
2026-02-12 22:32:06,178 - httpx - INFO - HTTP Request: POST https://api.telegram.org/bot8563600071:AAEYVmlcGX1ot6QY3Ic91bIhhAQ9z5Qjln0/getUpdates "HTTP/1.1 200 OK"
2026-02-12 22:32:16,209 - httpx - INFO - HTTP Request: POST https://api.telegram.org/bot8563600071:AAEYVmlcGX1ot6QY3Ic91bIhhAQ9z5Qjln0/getUpdates "HTTP/1.1 200 OK"
2026-02-12 22:32:26,252 - httpx - INFO - HTTP Request: POST https://api.telegram.org/bot8563600071:AAEYVmlcGX1ot6QY3Ic91bIhhAQ9z5Qjln0/getUpdates "HTTP/1.1 200 OK"
2026-02-12 22:32:36,282 - httpx - INFO - HTTP Request: POST https://api.telegram.org/bot8563600071:AAEYVmlcGX1ot6QY3Ic91bIhhAQ9z5Qjln0/getUpdates "HTTP/1.1 200 OK"
2026-02-12 22:32:46,311 - httpx - INFO - HTTP Request: POST https://api.telegram.org/bot8563600071:AAEYVmlcGX1ot6QY3Ic91bIhhAQ9z5Qjln0/getUpdates "HTTP/1.1 200 OK"
2026-02-12 22:32:56,341 - httpx - INFO - HTTP Request: POST https://api.telegram.org/bot8563600071:AAEYVmlcGX1ot6QY3Ic91bIhhAQ9z5Qjln0/getUpdates "HTTP/1.1 200 OK"
2026-02-12 22:33:06,374 - httpx - INFO - HTTP Request: POST https://api.telegram.org/bot8563600071:AAEYVmlcGX1ot6QY3Ic91bIhhAQ9z5Qjln0/getUpdates "HTTP/1.1 200 OK"
2026-02-12 22:33:16,418 - httpx - INFO - HTTP Request: POST https://api.telegram.org/bot8563600071:AAEYVmlcGX1ot6QY3Ic91bIhhAQ9z5Qjln0/getUpdates "HTTP/1.1 200 OK"
2026-02-12 22:33:26,454 - httpx - INFO - HTTP Request: POST https://api.telegram.org/bot8563600071:AAEYVmlcGX1ot6QY3Ic91bIhhAQ9z5Qjln0/getUpdates "HTTP/1.1 200 OK"
2026-02-12 22:33:36,486 - httpx - INFO - HTTP Request: POST https://api.telegram.org/bot8563600071:AAEYVmlcGX1ot6QY3Ic91bIhhAQ9z5Qjln0/getUpdates "HTTP/1.1 200 OK"
2026-02-12 22:33:46,516 - httpx - INFO - HTTP Request: POST https://api.telegram.org/bot8563600071:AAEYVmlcGX1ot6QY3Ic91bIhhAQ9z5Qjln0/getUpdates "HTTP/1.1 200 OK"
2026-02-12 22:33:56,551 - httpx - INFO - HTTP Request: POST https://api.telegram.org/bot8563600071:AAEYVmlcGX1ot6QY3Ic91bIhhAQ9z5Qjln0/getUpdates "HTTP/1.1 200 OK"
2026-02-12 22:34:06,580 - httpx - INFO - HTTP Request: POST https://api.telegram.org/bot8563600071:AAEYVmlcGX1ot6QY3Ic91bIhhAQ9z5Qjln0/getUpdates "HTTP/1.1 200 OK"
2026-02-12 22:34:16,613 - httpx - INFO - HTTP Request: POST https://api.telegram.org/bot8563600071:AAEYVmlcGX1ot6QY3Ic91bIhhAQ9z5Qjln0/getUpdates "HTTP/1.1 200 OK"
2026-02-12 22:34:26,809 - httpx - INFO - HTTP Request: POST https://api.telegram.org/bot8563600071:AAEYVmlcGX1ot6QY3Ic91bIhhAQ9z5Qjln0/getUpdates "HTTP/1.1 200 OK"
2026-02-12 22:34:36,848 - httpx - INFO - HTTP Request: POST https://api.telegram.org/bot8563600071:AAEYVmlcGX1ot6QY3Ic91bIhhAQ9z5Qjln0/getUpdates "HTTP/1.1 200 OK"
2026-02-12 22:34:46,885 - httpx - INFO - HTTP Request: POST https://api.telegram.org/bot8563600071:AAEYVmlcGX1ot6QY3Ic91bIhhAQ9z5Qjln0/getUpdates "HTTP/1.1 200 OK"
2026-02-12 22:34:56,919 - httpx - INFO - HTTP Request: POST https://api.telegram.org/bot8563600071:AAEYVmlcGX1ot6QY3Ic91bIhhAQ9z5Qjln0/getUpdates "HTTP/1.1 200 OK"
2026-02-12 22:35:06,952 - httpx - INFO - HTTP Request: POST https://api.telegram.org/bot8563600071:AAEYVmlcGX1ot6QY3Ic91bIhhAQ9z5Qjln0/getUpdates "HTTP/1.1 200 OK"
2026-02-12 22:35:16,986 - httpx - INFO - HTTP Request: POST https://api.telegram.org/bot8563600071:AAEYVmlcGX1ot6QY3Ic91bIhhAQ9z5Qjln0/getUpdates "HTTP/1.1 200 OK"
2026-02-12 22:35:27,016 - httpx - INFO - HTTP Request: POST https://api.telegram.org/bot8563600071:AAEYVmlcGX1ot6QY3Ic91bIhhAQ9z5Qjln0/getUpdates "HTTP/1.1 200 OK"
2026-02-12 22:35:37,059 - httpx - INFO - HTTP Request: POST https://api.telegram.org/bot8563600071:AAEYVmlcGX1ot6QY3Ic91bIhhAQ9z5Qjln0/getUpdates "HTTP/1.1 200 OK"
2026-02-12 22:35:47,089 - httpx - INFO - HTTP Request: POST https://api.telegram.org/bot8563600071:AAEYVmlcGX1ot6QY3Ic91bIhhAQ9z5Qjln0/getUpdates "HTTP/1.1 200 OK"
2026-02-12 22:35:57,129 - httpx - INFO - HTTP Request: POST https://api.telegram.org/bot8563600071:AAEYVmlcGX1ot6QY3Ic91bIhhAQ9z5Qjln0/getUpdates "HTTP/1.1 200 OK"
2026-02-12 22:36:07,161 - httpx - INFO - HTTP Request: POST https://api.telegram.org/bot8563600071:AAEYVmlcGX1ot6QY3Ic91bIhhAQ9z5Qjln0/getUpdates "HTTP/1.1 200 OK"
2026-02-12 22:36:17,199 - httpx - INFO - HTTP Request: POST https://api.telegram.org/bot8563600071:AAEYVmlcGX1ot6QY3Ic91bIhhAQ9z5Qjln0/getUpdates "HTTP/1.1 200 OK"
2026-02-12 22:36:27,237 - httpx - INFO - HTTP Request: POST https://api.telegram.org/bot8563600071:AAEYVmlcGX1ot6QY3Ic91bIhhAQ9z5Qjln0/getUpdates "HTTP/1.1 200 OK"
2026-02-12 22:36:37,269 - httpx - INFO - HTTP Request: POST https://api.telegram.org/bot8563600071:AAEYVmlcGX1ot6QY3Ic91bIhhAQ9z5Qjln0/getUpdates "HTTP/1.1 200 OK"
2026-02-12 22:36:47,298 - httpx - INFO - HTTP Request: POST https://api.telegram.org/bot8563600071:AAEYVmlcGX1ot6QY3Ic91bIhhAQ9z5Qjln0/getUpdates "HTTP/1.1 200 OK"
2026-02-12 22:36:57,330 - httpx - INFO - HTTP Request: POST https://api.telegram.org/bot8563600071:AAEYVmlcGX1ot6QY3Ic91bIhhAQ9z5Qjln0/getUpdates "HTTP/1.1 200 OK"
2026-02-12 22:37:07,362 - httpx - INFO - HTTP Request: POST https://api.telegram.org/bot8563600071:AAEYVmlcGX1ot6QY3Ic91bIhhAQ9z5Qjln0/getUpdates "HTTP/1.1 200 OK"
2026-02-12 22:37:17,392 - httpx - INFO - HTTP Request: POST https://api.telegram.org/bot8563600071:AAEYVmlcGX1ot6QY3Ic91bIhhAQ9z5Qjln0/getUpdates "HTTP/1.1 200 OK"
2026-02-12 22:37:27,427 - httpx - INFO - HTTP Request: POST https://api.telegram.org/bot8563600071:AAEYVmlcGX1ot6QY3Ic91bIhhAQ9z5Qjln0/getUpdates "HTTP/1.1 200 OK"
2026-02-12 22:37:37,461 - httpx - INFO - HTTP Request: POST https://api.telegram.org/bot8563600071:AAEYVmlcGX1ot6QY3Ic91bIhhAQ9z5Qjln0/getUpdates "HTTP/1.1 200 OK"
2026-02-12 22:37:47,510 - httpx - INFO - HTTP Request: POST https://api.telegram.org/bot8563600071:AAEYVmlcGX1ot6QY3Ic91bIhhAQ9z5Qjln0/getUpdates "HTTP/1.1 200 OK"
2026-02-12 22:37:57,540 - httpx - INFO - HTTP Request: POST https://api.telegram.org/bot8563600071:AAEYVmlcGX1ot6QY3Ic91bIhhAQ9z5Qjln0/getUpdates "HTTP/1.1 200 OK"
2026-02-12 22:38:07,571 - httpx - INFO - HTTP Request: POST https://api.telegram.org/bot8563600071:AAEYVmlcGX1ot6QY3Ic91bIhhAQ9z5Qjln0/getUpdates "HTTP/1.1 200 OK"
2026-02-12 22:38:17,639 - httpx - INFO - HTTP Request: POST https://api.telegram.org/bot8563600071:AAEYVmlcGX1ot6QY3Ic91bIhhAQ9z5Qjln0/getUpdates "HTTP/1.1 200 OK"
2026-02-12 22:38:27,673 - httpx - INFO - HTTP Request: POST https://api.telegram.org/bot8563600071:AAEYVmlcGX1ot6QY3Ic91bIhhAQ9z5Qjln0/getUpdates "HTTP/1.1 200 OK"
2026-02-12 22:38:37,708 - httpx - INFO - HTTP Request: POST https://api.telegram.org/bot8563600071:AAEYVmlcGX1ot6QY3Ic91bIhhAQ9z5Qjln0/getUpdates "HTTP/1.1 200 OK"
2026-02-12 22:38:47,744 - httpx - INFO - HTTP Request: POST https://api.telegram.org/bot8563600071:AAEYVmlcGX1ot6QY3Ic91bIhhAQ9z5Qjln0/getUpdates "HTTP/1.1 200 OK"
2026-02-12 22:38:57,779 - httpx - INFO - HTTP Request: POST https://api.telegram.org/bot8563600071:AAEYVmlcGX1ot6QY3Ic91bIhhAQ9z5Qjln0/getUpdates "HTTP/1.1 200 OK"
2026-02-12 22:39:07,821 - httpx - INFO - HTTP Request: POST https://api.telegram.org/bot8563600071:AAEYVmlcGX1ot6QY3Ic91bIhhAQ9z5Qjln0/getUpdates "HTTP/1.1 200 OK"
2026-02-12 22:39:17,851 - httpx - INFO - HTTP Request: POST https://api.telegram.org/bot8563600071:AAEYVmlcGX1ot6QY3Ic91bIhhAQ9z5Qjln0/getUpdates "HTTP/1.1 200 OK"
2026-02-12 22:39:27,885 - httpx - INFO - HTTP Request: POST https://api.telegram.org/bot8563600071:AAEYVmlcGX1ot6QY3Ic91bIhhAQ9z5Qjln0/getUpdates "HTTP/1.1 200 OK"
2026-02-12 22:39:37,956 - httpx - INFO - HTTP Request: POST https://api.telegram.org/bot8563600071:AAEYVmlcGX1ot6QY3Ic91bIhhAQ9z5Qjln0/getUpdates "HTTP/1.1 200 OK"
2026-02-12 22:39:47,996 - httpx - INFO - HTTP Request: POST https://api.telegram.org/bot8563600071:AAEYVmlcGX1ot6QY3Ic91bIhhAQ9z5Qjln0/getUpdates "HTTP/1.1 200 OK"
2026-02-12 22:39:58,028 - httpx - INFO - HTTP Request: POST https://api.telegram.org/bot8563600071:AAEYVmlcGX1ot6QY3Ic91bIhhAQ9z5Qjln0/getUpdates "HTTP/1.1 200 OK"
2026-02-12 22:40:08,064 - httpx - INFO - HTTP Request: POST https://api.telegram.org/bot8563600071:AAEYVmlcGX1ot6QY3Ic91bIhhAQ9z5Qjln0/getUpdates "HTTP/1.1 200 OK"
2026-02-12 22:40:18,093 - httpx - INFO - HTTP Request: POST https://api.telegram.org/bot8563600071:AAEYVmlcGX1ot6QY3Ic91bIhhAQ9z5Qjln0/getUpdates "HTTP/1.1 200 OK"
2026-02-12 22:40:28,133 - httpx - INFO - HTTP Request: POST https://api.telegram.org/bot8563600071:AAEYVmlcGX1ot6QY3Ic91bIhhAQ9z5Qjln0/getUpdates "HTTP/1.1 200 OK"
2026-02-12 22:40:38,168 - httpx - INFO - HTTP Request: POST https://api.telegram.org/bot8563600071:AAEYVmlcGX1ot6QY3Ic91bIhhAQ9z5Qjln0/getUpdates "HTTP/1.1 200 OK"
2026-02-12 22:40:48,198 - httpx - INFO - HTTP Request: POST https://api.telegram.org/bot8563600071:AAEYVmlcGX1ot6QY3Ic91bIhhAQ9z5Qjln0/getUpdates "HTTP/1.1 200 OK"
2026-02-12 22:40:58,228 - httpx - INFO - HTTP Request: POST https://api.telegram.org/bot8563600071:AAEYVmlcGX1ot6QY3Ic91bIhhAQ9z5Qjln0/getUpdates "HTTP/1.1 200 OK"
2026-02-12 22:41:08,271 - httpx - INFO - HTTP Request: POST https://api.telegram.org/bot8563600071:AAEYVmlcGX1ot6QY3Ic91bIhhAQ9z5Qjln0/getUpdates "HTTP/1.1 200 OK"
2026-02-12 22:41:18,302 - httpx - INFO - HTTP Request: POST https://api.telegram.org/bot8563600071:AAEYVmlcGX1ot6QY3Ic91bIhhAQ9z5Qjln0/getUpdates "HTTP/1.1 200 OK"
2026-02-12 22:41:28,335 - httpx - INFO - HTTP Request: POST https://api.telegram.org/bot8563600071:AAEYVmlcGX1ot6QY3Ic91bIhhAQ9z5Qjln0/getUpdates "HTTP/1.1 200 OK"
2026-02-12 22:41:38,366 - httpx - INFO - HTTP Request: POST https://api.telegram.org/bot8563600071:AAEYVmlcGX1ot6QY3Ic91bIhhAQ9z5Qjln0/getUpdates "HTTP/1.1 200 OK"
2026-02-12 22:41:48,405 - httpx - INFO - HTTP Request: POST https://api.telegram.org/bot8563600071:AAEYVmlcGX1ot6QY3Ic91bIhhAQ9z5Qjln0/getUpdates "HTTP/1.1 200 OK"
2026-02-12 22:41:58,437 - httpx - INFO - HTTP Request: POST https://api.telegram.org/bot8563600071:AAEYVmlcGX1ot6QY3Ic91bIhhAQ9z5Qjln0/getUpdates "HTTP/1.1 200 OK"
